  Determining projects to restore...
  All projects are up-to-date for restore.
C:\Program Files\dotnet\sdk\10.0.103\Microsoft.Common.CurrentVersion.targets(5381,5): warning MSB3026: Could not copy "C:\Users\kings\AppData\Roaming\Microsoft\Windows\Libraries\Downloads\K53PrepApp\K53PrepApp\backend\obj\Debug\net8.0\apphost.exe" to "bin\Debug\net8.0\K53PrepApp.Api.exe". Beginning retry 1 in 1000ms. The process cannot access the file 'C:\Users\kings\AppData\Roaming\Microsoft\Windows\Libraries\Downloads\K53PrepApp\K53PrepApp\backend\bin\Debug\net8.0\K53PrepApp.Api.exe' because it is being used by another process. The file is locked by: "K53PrepApp.Api (13224)" [C:\Users\kings\AppData\Roaming\Microsoft\Windows\Libraries\Downloads\K53PrepApp\K53PrepApp\backend\K53PrepApp.Api.csproj]
C:\Program Files\dotnet\sdk\10.0.103\Microsoft.Common.CurrentVersion.targets(5381,5): warning MSB3026: Could not copy "C:\Users\kings\AppData\Roaming\Microsoft\Windows\Libraries\Downloads\K53PrepApp\K53PrepApp\backend\obj\Debug\net8.0\apphost.exe" to "bin\Debug\net8.0\K53PrepApp.Api.exe". Beginning retry 2 in 1000ms. The process cannot access the file 'C:\Users\kings\AppData\Roaming\Microsoft\Windows\Libraries\Downloads\K53PrepApp\K53PrepApp\backend\bin\Debug\net8.0\K53PrepApp.Api.exe' because it is being used by another process. The file is locked by: "K53PrepApp.Api (13224)" [C:\Users\kings\AppData\Roaming\Microsoft\Windows\Libraries\Downloads\K53PrepApp\K53PrepApp\backend\K53PrepApp.Api.csproj]
C:\Program Files\dotnet\sdk\10.0.103\Microsoft.Common.CurrentVersion.targets(5381,5): warning MSB3026: Could not copy "C:\Users\kings\AppData\Roaming\Microsoft\Windows\Libraries\Downloads\K53PrepApp\K53PrepApp\backend\obj\Debug\net8.0\apphost.exe" to "bin\Debug\net8.0\K53PrepApp.Api.exe". Beginning retry 3 in 1000ms. The process cannot access the file 'C:\Users\kings\AppData\Roaming\Microsoft\Windows\Libraries\Downloads\K53PrepApp\K53PrepApp\backend\bin\Debug\net8.0\K53PrepApp.Api.exe' because it is being used by another process. The file is locked by: "K53PrepApp.Api (13224)" [C:\Users\kings\AppData\Roaming\Microsoft\Windows\Libraries\Downloads\K53PrepApp\K53PrepApp\backend\K53PrepApp.Api.csproj]
C:\Program Files\dotnet\sdk\10.0.103\Microsoft.Common.CurrentVersion.targets(5381,5): warning MSB3026: Could not copy "C:\Users\kings\AppData\Roaming\Microsoft\Windows\Libraries\Downloads\K53PrepApp\K53PrepApp\backend\obj\Debug\net8.0\apphost.exe" to "bin\Debug\net8.0\K53PrepApp.Api.exe". Beginning retry 4 in 1000ms. The process cannot access the file 'C:\Users\kings\AppData\Roaming\Microsoft\Windows\Libraries\Downloads\K53PrepApp\K53PrepApp\backend\bin\Debug\net8.0\K53PrepApp.Api.exe' because it is being used by another process. The file is locked by: "K53PrepApp.Api (13224)" [C:\Users\kings\AppData\Roaming\Microsoft\Windows\Libraries\Downloads\K53PrepApp\K53PrepApp\backend\K53PrepApp.Api.csproj]
C:\Program Files\dotnet\sdk\10.0.103\Microsoft.Common.CurrentVersion.targets(5381,5): warning MSB3026: Could not copy "C:\Users\kings\AppData\Roaming\Microsoft\Windows\Libraries\Downloads\K53PrepApp\K53PrepApp\backend\obj\Debug\net8.0\apphost.exe" to "bin\Debug\net8.0\K53PrepApp.Api.exe". Beginning retry 5 in 1000ms. The process cannot access the file 'C:\Users\kings\AppData\Roaming\Microsoft\Windows\Libraries\Downloads\K53PrepApp\K53PrepApp\backend\bin\Debug\net8.0\K53PrepApp.Api.exe' because it is being used by another process. The file is locked by: "K53PrepApp.Api (13224)" [C:\Users\kings\AppData\Roaming\Microsoft\Windows\Libraries\Downloads\K53PrepApp\K53PrepApp\backend\K53PrepApp.Api.csproj]
C:\Program Files\dotnet\sdk\10.0.103\Microsoft.Common.CurrentVersion.targets(5381,5): warning MSB3026: Could not copy "C:\Users\kings\AppData\Roaming\Microsoft\Windows\Libraries\Downloads\K53PrepApp\K53PrepApp\backend\obj\Debug\net8.0\apphost.exe" to "bin\Debug\net8.0\K53PrepApp.Api.exe". Beginning retry 6 in 1000ms. The process cannot access the file 'C:\Users\kings\AppData\Roaming\Microsoft\Windows\Libraries\Downloads\K53PrepApp\K53PrepApp\backend\bin\Debug\net8.0\K53PrepApp.Api.exe' because it is being used by another process. The file is locked by: "K53PrepApp.Api (13224)" [C:\Users\kings\AppData\Roaming\Microsoft\Windows\Libraries\Downloads\K53PrepApp\K53PrepApp\backend\K53PrepApp.Api.csproj]
C:\Program Files\dotnet\sdk\10.0.103\Microsoft.Common.CurrentVersion.targets(5381,5): warning MSB3026: Could not copy "C:\Users\kings\AppData\Roaming\Microsoft\Windows\Libraries\Downloads\K53PrepApp\K53PrepApp\backend\obj\Debug\net8.0\apphost.exe" to "bin\Debug\net8.0\K53PrepApp.Api.exe". Beginning retry 7 in 1000ms. The process cannot access the file 'C:\Users\kings\AppData\Roaming\Microsoft\Windows\Libraries\Downloads\K53PrepApp\K53PrepApp\backend\bin\Debug\net8.0\K53PrepApp.Api.exe' because it is being used by another process. The file is locked by: "K53PrepApp.Api (13224)" [C:\Users\kings\AppData\Roaming\Microsoft\Windows\Libraries\Downloads\K53PrepApp\K53PrepApp\backend\K53PrepApp.Api.csproj]
C:\Program Files\dotnet\sdk\10.0.103\Microsoft.Common.CurrentVersion.targets(5381,5): warning MSB3026: Could not copy "C:\Users\kings\AppData\Roaming\Microsoft\Windows\Libraries\Downloads\K53PrepApp\K53PrepApp\backend\obj\Debug\net8.0\apphost.exe" to "bin\Debug\net8.0\K53PrepApp.Api.exe". Beginning retry 8 in 1000ms. The process cannot access the file 'C:\Users\kings\AppData\Roaming\Microsoft\Windows\Libraries\Downloads\K53PrepApp\K53PrepApp\backend\bin\Debug\net8.0\K53PrepApp.Api.exe' because it is being used by another process. The file is locked by: "K53PrepApp.Api (13224)" [C:\Users\kings\AppData\Roaming\Microsoft\Windows\Libraries\Downloads\K53PrepApp\K53PrepApp\backend\K53PrepApp.Api.csproj]
C:\Program Files\dotnet\sdk\10.0.103\Microsoft.Common.CurrentVersion.targets(5381,5): warning MSB3026: Could not copy "C:\Users\kings\AppData\Roaming\Microsoft\Windows\Libraries\Downloads\K53PrepApp\K53PrepApp\backend\obj\Debug\net8.0\apphost.exe" to "bin\Debug\net8.0\K53PrepApp.Api.exe". Beginning retry 9 in 1000ms. The process cannot access the file 'C:\Users\kings\AppData\Roaming\Microsoft\Windows\Libraries\Downloads\K53PrepApp\K53PrepApp\backend\bin\Debug\net8.0\K53PrepApp.Api.exe' because it is being used by another process. The file is locked by: "K53PrepApp.Api (13224)" [C:\Users\kings\AppData\Roaming\Microsoft\Windows\Libraries\Downloads\K53PrepApp\K53PrepApp\backend\K53PrepApp.Api.csproj]
C:\Program Files\dotnet\sdk\10.0.103\Microsoft.Common.CurrentVersion.targets(5381,5): warning MSB3026: Could not copy "C:\Users\kings\AppData\Roaming\Microsoft\Windows\Libraries\Downloads\K53PrepApp\K53PrepApp\backend\obj\Debug\net8.0\apphost.exe" to "bin\Debug\net8.0\K53PrepApp.Api.exe". Beginning retry 10 in 1000ms. The process cannot access the file 'C:\Users\kings\AppData\Roaming\Microsoft\Windows\Libraries\Downloads\K53PrepApp\K53PrepApp\backend\bin\Debug\net8.0\K53PrepApp.Api.exe' because it is being used by another process. The file is locked by: "K53PrepApp.Api (13224)" [C:\Users\kings\AppData\Roaming\Microsoft\Windows\Libraries\Downloads\K53PrepApp\K53PrepApp\backend\K53PrepApp.Api.csproj]
C:\Program Files\dotnet\sdk\10.0.103\Microsoft.Common.CurrentVersion.targets(5381,5): error MSB3027: Could not copy "C:\Users\kings\AppData\Roaming\Microsoft\Windows\Libraries\Downloads\K53PrepApp\K53PrepApp\backend\obj\Debug\net8.0\apphost.exe" to "bin\Debug\net8.0\K53PrepApp.Api.exe". Exceeded retry count of 10. Failed. The file is locked by: "K53PrepApp.Api (13224)" [C:\Users\kings\AppData\Roaming\Microsoft\Windows\Libraries\Downloads\K53PrepApp\K53PrepApp\backend\K53PrepApp.Api.csproj]
C:\Program Files\dotnet\sdk\10.0.103\Microsoft.Common.CurrentVersion.targets(5381,5): error MSB3021: Unable to copy file "C:\Users\kings\AppData\Roaming\Microsoft\Windows\Libraries\Downloads\K53PrepApp\K53PrepApp\backend\obj\Debug\net8.0\apphost.exe" to "bin\Debug\net8.0\K53PrepApp.Api.exe". The process cannot access the file 'C:\Users\kings\AppData\Roaming\Microsoft\Windows\Libraries\Downloads\K53PrepApp\K53PrepApp\backend\bin\Debug\net8.0\K53PrepApp.Api.exe' because it is being used by another process. [C:\Users\kings\AppData\Roaming\Microsoft\Windows\Libraries\Downloads\K53PrepApp\K53PrepApp\backend\K53PrepApp.Api.csproj]

Build FAILED.

C:\Program Files\dotnet\sdk\10.0.103\Microsoft.Common.CurrentVersion.targets(5381,5): warning MSB3026: Could not copy "C:\Users\kings\AppData\Roaming\Microsoft\Windows\Libraries\Downloads\K53PrepApp\K53PrepApp\backend\obj\Debug\net8.0\apphost.exe" to "bin\Debug\net8.0\K53PrepApp.Api.exe". Beginning retry 1 in 1000ms. The process cannot access the file 'C:\Users\kings\AppData\Roaming\Microsoft\Windows\Libraries\Downloads\K53PrepApp\K53PrepApp\backend\bin\Debug\net8.0\K53PrepApp.Api.exe' because it is being used by another process. The file is locked by: "K53PrepApp.Api (13224)" [C:\Users\kings\AppData\Roaming\Microsoft\Windows\Libraries\Downloads\K53PrepApp\K53PrepApp\backend\K53PrepApp.Api.csproj]
C:\Program Files\dotnet\sdk\10.0.103\Microsoft.Common.CurrentVersion.targets(5381,5): warning MSB3026: Could not copy "C:\Users\kings\AppData\Roaming\Microsoft\Windows\Libraries\Downloads\K53PrepApp\K53PrepApp\backend\obj\Debug\net8.0\apphost.exe" to "bin\Debug\net8.0\K53PrepApp.Api.exe". Beginning retry 2 in 1000ms. The process cannot access the file 'C:\Users\kings\AppData\Roaming\Microsoft\Windows\Libraries\Downloads\K53PrepApp\K53PrepApp\backend\bin\Debug\net8.0\K53PrepApp.Api.exe' because it is being used by another process. The file is locked by: "K53PrepApp.Api (13224)" [C:\Users\kings\AppData\Roaming\Microsoft\Windows\Libraries\Downloads\K53PrepApp\K53PrepApp\backend\K53PrepApp.Api.csproj]
C:\Program Files\dotnet\sdk\10.0.103\Microsoft.Common.CurrentVersion.targets(5381,5): warning MSB3026: Could not copy "C:\Users\kings\AppData\Roaming\Microsoft\Windows\Libraries\Downloads\K53PrepApp\K53PrepApp\backend\obj\Debug\net8.0\apphost.exe" to "bin\Debug\net8.0\K53PrepApp.Api.exe". Beginning retry 3 in 1000ms. The process cannot access the file 'C:\Users\kings\AppData\Roaming\Microsoft\Windows\Libraries\Downloads\K53PrepApp\K53PrepApp\backend\bin\Debug\net8.0\K53PrepApp.Api.exe' because it is being used by another process. The file is locked by: "K53PrepApp.Api (13224)" [C:\Users\kings\AppData\Roaming\Microsoft\Windows\Libraries\Downloads\K53PrepApp\K53PrepApp\backend\K53PrepApp.Api.csproj]
C:\Program Files\dotnet\sdk\10.0.103\Microsoft.Common.CurrentVersion.targets(5381,5): warning MSB3026: Could not copy "C:\Users\kings\AppData\Roaming\Microsoft\Windows\Libraries\Downloads\K53PrepApp\K53PrepApp\backend\obj\Debug\net8.0\apphost.exe" to "bin\Debug\net8.0\K53PrepApp.Api.exe". Beginning retry 4 in 1000ms. The process cannot access the file 'C:\Users\kings\AppData\Roaming\Microsoft\Windows\Libraries\Downloads\K53PrepApp\K53PrepApp\backend\bin\Debug\net8.0\K53PrepApp.Api.exe' because it is being used by another process. The file is locked by: "K53PrepApp.Api (13224)" [C:\Users\kings\AppData\Roaming\Microsoft\Windows\Libraries\Downloads\K53PrepApp\K53PrepApp\backend\K53PrepApp.Api.csproj]
C:\Program Files\dotnet\sdk\10.0.103\Microsoft.Common.CurrentVersion.targets(5381,5): warning MSB3026: Could not copy "C:\Users\kings\AppData\Roaming\Microsoft\Windows\Libraries\Downloads\K53PrepApp\K53PrepApp\backend\obj\Debug\net8.0\apphost.exe" to "bin\Debug\net8.0\K53PrepApp.Api.exe". Beginning retry 5 in 1000ms. The process cannot access the file 'C:\Users\kings\AppData\Roaming\Microsoft\Windows\Libraries\Downloads\K53PrepApp\K53PrepApp\backend\bin\Debug\net8.0\K53PrepApp.Api.exe' because it is being used by another process. The file is locked by: "K53PrepApp.Api (13224)" [C:\Users\kings\AppData\Roaming\Microsoft\Windows\Libraries\Downloads\K53PrepApp\K53PrepApp\backend\K53PrepApp.Api.csproj]
C:\Program Files\dotnet\sdk\10.0.103\Microsoft.Common.CurrentVersion.targets(5381,5): warning MSB3026: Could not copy "C:\Users\kings\AppData\Roaming\Microsoft\Windows\Libraries\Downloads\K53PrepApp\K53PrepApp\backend\obj\Debug\net8.0\apphost.exe" to "bin\Debug\net8.0\K53PrepApp.Api.exe". Beginning retry 6 in 1000ms. The process cannot access the file 'C:\Users\kings\AppData\Roaming\Microsoft\Windows\Libraries\Downloads\K53PrepApp\K53PrepApp\backend\bin\Debug\net8.0\K53PrepApp.Api.exe' because it is being used by another process. The file is locked by: "K53PrepApp.Api (13224)" [C:\Users\kings\AppData\Roaming\Microsoft\Windows\Libraries\Downloads\K53PrepApp\K53PrepApp\backend\K53PrepApp.Api.csproj]
C:\Program Files\dotnet\sdk\10.0.103\Microsoft.Common.CurrentVersion.targets(5381,5): warning MSB3026: Could not copy "C:\Users\kings\AppData\Roaming\Microsoft\Windows\Libraries\Downloads\K53PrepApp\K53PrepApp\backend\obj\Debug\net8.0\apphost.exe" to "bin\Debug\net8.0\K53PrepApp.Api.exe". Beginning retry 7 in 1000ms. The process cannot access the file 'C:\Users\kings\AppData\Roaming\Microsoft\Windows\Libraries\Downloads\K53PrepApp\K53PrepApp\backend\bin\Debug\net8.0\K53PrepApp.Api.exe' because it is being used by another process. The file is locked by: "K53PrepApp.Api (13224)" [C:\Users\kings\AppData\Roaming\Microsoft\Windows\Libraries\Downloads\K53PrepApp\K53PrepApp\backend\K53PrepApp.Api.csproj]
C:\Program Files\dotnet\sdk\10.0.103\Microsoft.Common.CurrentVersion.targets(5381,5): warning MSB3026: Could not copy "C:\Users\kings\AppData\Roaming\Microsoft\Windows\Libraries\Downloads\K53PrepApp\K53PrepApp\backend\obj\Debug\net8.0\apphost.exe" to "bin\Debug\net8.0\K53PrepApp.Api.exe". Beginning retry 8 in 1000ms. The process cannot access the file 'C:\Users\kings\AppData\Roaming\Microsoft\Windows\Libraries\Downloads\K53PrepApp\K53PrepApp\backend\bin\Debug\net8.0\K53PrepApp.Api.exe' because it is being used by another process. The file is locked by: "K53PrepApp.Api (13224)" [C:\Users\kings\AppData\Roaming\Microsoft\Windows\Libraries\Downloads\K53PrepApp\K53PrepApp\backend\K53PrepApp.Api.csproj]
C:\Program Files\dotnet\sdk\10.0.103\Microsoft.Common.CurrentVersion.targets(5381,5): warning MSB3026: Could not copy "C:\Users\kings\AppData\Roaming\Microsoft\Windows\Libraries\Downloads\K53PrepApp\K53PrepApp\backend\obj\Debug\net8.0\apphost.exe" to "bin\Debug\net8.0\K53PrepApp.Api.exe". Beginning retry 9 in 1000ms. The process cannot access the file 'C:\Users\kings\AppData\Roaming\Microsoft\Windows\Libraries\Downloads\K53PrepApp\K53PrepApp\backend\bin\Debug\net8.0\K53PrepApp.Api.exe' because it is being used by another process. The file is locked by: "K53PrepApp.Api (13224)" [C:\Users\kings\AppData\Roaming\Microsoft\Windows\Libraries\Downloads\K53PrepApp\K53PrepApp\backend\K53PrepApp.Api.csproj]
C:\Program Files\dotnet\sdk\10.0.103\Microsoft.Common.CurrentVersion.targets(5381,5): warning MSB3026: Could not copy "C:\Users\kings\AppData\Roaming\Microsoft\Windows\Libraries\Downloads\K53PrepApp\K53PrepApp\backend\obj\Debug\net8.0\apphost.exe" to "bin\Debug\net8.0\K53PrepApp.Api.exe". Beginning retry 10 in 1000ms. The process cannot access the file 'C:\Users\kings\AppData\Roaming\Microsoft\Windows\Libraries\Downloads\K53PrepApp\K53PrepApp\backend\bin\Debug\net8.0\K53PrepApp.Api.exe' because it is being used by another process. The file is locked by: "K53PrepApp.Api (13224)" [C:\Users\kings\AppData\Roaming\Microsoft\Windows\Libraries\Downloads\K53PrepApp\K53PrepApp\backend\K53PrepApp.Api.csproj]
C:\Program Files\dotnet\sdk\10.0.103\Microsoft.Common.CurrentVersion.targets(5381,5): error MSB3027: Could not copy "C:\Users\kings\AppData\Roaming\Microsoft\Windows\Libraries\Downloads\K53PrepApp\K53PrepApp\backend\obj\Debug\net8.0\apphost.exe" to "bin\Debug\net8.0\K53PrepApp.Api.exe". Exceeded retry count of 10. Failed. The file is locked by: "K53PrepApp.Api (13224)" [C:\Users\kings\AppData\Roaming\Microsoft\Windows\Libraries\Downloads\K53PrepApp\K53PrepApp\backend\K53PrepApp.Api.csproj]
C:\Program Files\dotnet\sdk\10.0.103\Microsoft.Common.CurrentVersion.targets(5381,5): error MSB3021: Unable to copy file "C:\Users\kings\AppData\Roaming\Microsoft\Windows\Libraries\Downloads\K53PrepApp\K53PrepApp\backend\obj\Debug\net8.0\apphost.exe" to "bin\Debug\net8.0\K53PrepApp.Api.exe". The process cannot access the file 'C:\Users\kings\AppData\Roaming\Microsoft\Windows\Libraries\Downloads\K53PrepApp\K53PrepApp\backend\bin\Debug\net8.0\K53PrepApp.Api.exe' because it is being used by another process. [C:\Users\kings\AppData\Roaming\Microsoft\Windows\Libraries\Downloads\K53PrepApp\K53PrepApp\backend\K53PrepApp.Api.csproj]
    10 Warning(s)
    2 Error(s)

Time Elapsed 00:00:13.87
